error: this `let...else` may be rewritten with the `?` operator
  --> $DIR/manual_let_else_question_mark.rs:30:5
   |
LL |     let Some(v) = g() else { return None };
   |     ^^^^^^^^^^^^^^^^^^^^^^^^^^^^^^^^^^^^^^^ help: replace it with: `let v = g()?;`
   |
   = note: `-D clippy::question-mark` implied by `-D warnings`

error: this `let...else` may be rewritten with the `?` operator
  --> $DIR/manual_let_else_question_mark.rs:36:5
   |
LL |     let Some((v, w)) = g() else { return None };
   |     ^^^^^^^^^^^^^^^^^^^^^^^^^^^^^^^^^^^^^^^^^^^^ help: replace it with: `let (v, w) = g()?;`

error: this block may be rewritten with the `?` operator
  --> $DIR/manual_let_else_question_mark.rs:39:13
   |
LL |     let v = if let Some(v_some) = g() { v_some } else { return None };
   |             ^^^^^^^^^^^^^^^^^^^^^^^^^^^^^^^^^^^^^^^^^^^^^^^^^^^^^^^^^ help: replace it with: `g()?`

error: aborting due to 3 previous errors

